
> prachi@0.1.0 build
> next build

Γû▓ Next.js 16.1.6 (Turbopack)
- Environments: .env.local

node.exe : ΓÜá The "middleware" 
file convention is deprecated. 
Please use "proxy" instead. Learn 
more: https://nextjs.org/docs/messa
ges/middleware-to-proxy
At line:1 char:1
+ & "C:\Program 
Files\nodejs/node.exe" "C:\Program 
Files\nodejs/node_mo ...
+ ~~~~~~~~~~~~~~~~~~~~~~~~~~~~~~~~~
~~~~~~~~~~~~~~~~~~~~~~~~~~~~~~~~~~~
~
    + CategoryInfo          : NotS 
   pecified: (ΓÜá The "middle...l  
  eware-to-proxy:String) [], Rem   
 oteException
    + FullyQualifiedErrorId : Nati 
   veCommandError
 
  Creating an optimized production build ...
Γ£ô Compiled successfully in 9.7s
  Running TypeScript ...
Failed to compile.

./app/(public)/vendors/[id]/page.ts
x:4:32
Type error: '"lucide-react"' has 
no exported member named 
'UserPulse'. Did you mean 
'UserPlus'?

[0m [90m 2 |[39m 
[36mimport[39m { notFound } 
[36mfrom[39m [32m"next/navigatio
n"[39m[33m;[39m
 [90m 3 |[39m [36mimport[39m 
[33mImage[39m [36mfrom[39m 
[32m"next/image"[39m[33m;[39m
[31m[1m>[22m[39m[90m 4 |[39m 
[36mimport[39m { 
[33mMapPin[39m[33m,[39m 
[33mPresentation[39m[33m,[39m 
[33mUserPulse[39m[33m,[39m 
[33mQuote[39m[33m,[39m 
[33mArrowLeft[39m } 
[36mfrom[39m 
[32m"lucide-react"[39m[33m;[39m
 [90m   |[39m                    
            [31m[1m^[22m[39m
 [90m 5 |[39m [36mimport[39m 
[33mLink[39m [36mfrom[39m 
[32m"next/link"[39m[33m;[39m
 [90m 6 |[39m [36mimport[39m { 
[33mVendorBookingButton[39m } 
[36mfrom[39m [32m"@/components/v
endors/VendorBookingButton"[39m[3
3m;[39m
 [90m 7 |[39m[0m
Next.js build worker exited with 
code: 1 and signal: null
